---
source: tests/codex_approvals_tui.rs
expression: snapshot
---
$ codex exec --sandbox workspace-write --skip-git-repo-check --cd <WORKSPACE> "SANDBOX_TEST_1: run the sandbox write test"
OpenAI Codex vN.NN.N (research preview)
--------
workdir: <WORKSPACE>
model: gpt-5.3-codex
provider: mock-openai
approval: never
sandbox: workspace-write [workdir, /tmp, $TMPDIR, <CODEX_HOME>/memories]
reasoning effort: none
reasoning summaries: none
session id: <SESSION_ID>
--------
user
SANDBOX_TEST_1: run the sandbox write test
mcp: r/repl started
mcp: r/repl (completed)
codex
Tool call 1 completed
Tool call 1 completed
