---
source: tests/codex_approvals_tui.rs
expression: snapshot
---
$ codex exec --json --sandbox workspace-write --skip-git-repo-check --cd <WORKSPACE> "SANDBOX_TEST_1: run the sandbox write test"
{"type":"thread.started","thread_id":"<THREAD_ID>"}
{"type":"turn.started"}
{"type":"item.started","item":{"id":"item_0","type":"mcp_tool_call","server":"r","tool":"repl","arguments":{"input":"target <- tempfile(\"mcp-repl-codex\")\ntryCatch({\n  writeLines(\"ok\", target)\n  cat(\"WRITE_OK\\n\")\n  unlink(target)\n}, error = function(e) {\n  message(\"WRITE_ERROR:\", conditionMessage(e))\n})\n"},"result":null,"error":null,"status":"in_progress"}}
{"type":"item.completed","item":{"id":"item_0","type":"mcp_tool_call","server":"r","tool":"repl","arguments":{"input":"target <- tempfile(\"mcp-repl-codex\")\ntryCatch({\n  writeLines(\"ok\", target)\n  cat(\"WRITE_OK\\n\")\n  unlink(target)\n}, error = function(e) {\n  message(\"WRITE_ERROR:\", conditionMessage(e))\n})\n"},"result":{"content":[{"type":"text","text":"WRITE_OK\n"},{"type":"text","text":"> "}],"structured_content":null},"error":null,"status":"completed"}}
{"type":"item.completed","item":{"id":"item_1","type":"agent_message","text":"Tool call 1 completed"}}
{"type":"turn.completed","usage":{"input_tokens":"<N>","cached_input_tokens":"<N>","output_tokens":"<N>"}}
