---
source: tests/codex_approvals_tui.rs
expression: "super::unix_impl::render_steps(&steps)"
---
== warmup ==
╭────────────────────────────────────────────────────╮
│ >_ OpenAI Codex (vN.NN.N)                          │
│                                                    │
│ model:     gpt-5.1-codex-mini   /model to change   │
╰────────────────────────────────────────────────────╯

› WARMUP_TEST

• Warmup complete

== after workspace-write call ==
• Warmup complete

› SANDBOX_TEST_1: run the sandbox write test

• Called
  └ r.write_stdin(<omitted>)

• Tool call 1 completed
