---
source: tests/plot_images.rs
expression: serialized
---
{
  "steps": [
    {
      "tool": "write_stdin",
      "input": "par(mfrow = c(2, 1)); plot(1:10); plot(10:1)",
      "response": {
        "content": [
          {
            "type": "image",
            "data": "blake3:d10529d949733ba6ce8ef0d591129e26da42a908d7e2a20bb474705b4360a6f8",
            "mimeType": "image/png",
            "_meta": {
              "mcpConsole": {
                "imageId": "plot-2",
                "isNewPage": false
              }
            }
          },
          {
            "type": "text",
            "text": "> "
          }
        ],
        "isError": false
      }
    },
    {
      "tool": "write_stdin",
      "input": "1+1",
      "response": {
        "content": [
          {
            "type": "text",
            "text": "[1] 2\n"
          },
          {
            "type": "text",
            "text": "> "
          }
        ],
        "isError": false
      }
    }
  ]
}
