---
source: tests/plot_images.rs
expression: serialized
---
{
  "steps": [
    {
      "tool": "write_stdin",
      "input": "plot(1:10)",
      "response": {
        "content": [
          {
            "type": "image",
            "data": "blake3:2522b72c5d81851a70f577f10a50a32db6a3470a3bd862aa32757985d547212c",
            "mimeType": "image/png",
            "_meta": {
              "mcpConsole": {
                "imageId": "plot-2",
                "isNewPage": true
              }
            }
          },
          {
            "type": "text",
            "text": "> "
          }
        ],
        "isError": false
      }
    },
    {
      "tool": "write_stdin",
      "input": "lines(4:8, 4:8)",
      "response": {
        "content": [
          {
            "type": "image",
            "data": "blake3:58a06870d08a865ec8a2edefafb0a726ad92ec28c091d8c77938b52e78343b17",
            "mimeType": "image/png",
            "_meta": {
              "mcpConsole": {
                "imageId": "plot-2",
                "isNewPage": false
              }
            }
          },
          {
            "type": "text",
            "text": "> "
          }
        ],
        "isError": false
      }
    },
    {
      "tool": "write_stdin",
      "input": "1+1",
      "response": {
        "content": [
          {
            "type": "text",
            "text": "[1] 2\n"
          },
          {
            "type": "text",
            "text": "> "
          }
        ],
        "isError": false
      }
    }
  ]
}
