---
source: tests/plot_images.rs
expression: serialized
---
{
  "steps": [
    {
      "tool": "r_repl",
      "input": "plot(1:10)",
      "response": {
        "content": [
          {
            "type": "image",
            "data": "blake3:2522b72c5d81851a70f577f10a50a32db6a3470a3bd862aa32757985d547212c",
            "mimeType": "image/png"
          },
          {
            "type": "text",
            "text": "> "
          }
        ],
        "isError": false
      }
    },
    {
      "tool": "r_repl",
      "input": "lines(4:8, 4:8)",
      "response": {
        "content": [
          {
            "type": "image",
            "data": "blake3:58a06870d08a865ec8a2edefafb0a726ad92ec28c091d8c77938b52e78343b17",
            "mimeType": "image/png"
          },
          {
            "type": "text",
            "text": "> "
          }
        ],
        "isError": false
      }
    },
    {
      "tool": "r_repl",
      "input": "1+1",
      "response": {
        "content": [
          {
            "type": "text",
            "text": "[1] 2\n"
          },
          {
            "type": "text",
            "text": "> "
          }
        ],
        "isError": false
      }
    }
  ]
}
