---
source: tests/refactor_coverage.rs
expression: snapshot.render()
---
== session: browser_prompt ==
-- step 1 --
call:
{
  "tool": "write_stdin",
  "arguments": {
    "chars": "browser()\n",
    "timeout": 10.0
  }
}
response:
{
  "type": "tool_result",
  "is_error": false,
  "content": [
    {
      "type": "text",
      "text": "Called from: top level "
    },
    {
      "type": "text",
      "text": "Browse[1]> "
    }
  ]
}
-- step 2 --
call:
{
  "tool": "write_stdin",
  "arguments": {
    "chars": "c\n",
    "timeout": 10.0
  }
}
response:
{
  "type": "tool_result",
  "is_error": false,
  "content": [
    {
      "type": "text",
      "text": "> "
    }
  ]
}
-- step 3 --
call:
{
  "tool": "write_stdin",
  "arguments": {
    "chars": "1+1\n",
    "timeout": 10.0
  }
}
response:
{
  "type": "tool_result",
  "is_error": false,
  "content": [
    {
      "type": "text",
      "text": "[1] 2"
    },
    {
      "type": "text",
      "text": "> "
    }
  ]
}
