---
source: tests/refactor_coverage.rs
expression: snapshot.render()
---
== session: pager_hits_images ==
-- step 1 --
call:
{
  "tool": "r_repl",
  "arguments": {
    "input": "\nset.seed(1)\ncat(\"# Title\\n\")\nfor (i in 1:60) cat(\"alpha line \", i, \"\\n\", sep = \"\")\nplot(1:5, type = \"l\")\nfor (i in 1:60) cat(\"beta line \", i, \"\\n\", sep = \"\")\nplot(5:1, type = \"l\")\nfor (i in 1:60) cat(\"gamma line \", i, \"\\n\", sep = \"\")\n",
    "timeout_ms": 10000
  }
}
response:
{
  "type": "tool_result",
  "is_error": false,
  "content": [
    {
      "type": "text",
      "text": "[mcp-console] echoed input elided: 3 lines (36 bytes); head: > ; tail: > cat(\"# Title\\n\")\n# Title\n> for (i in 1:60) cat(\"alpha line \", i, \"\\n\", sep = \"\")\nalpha line 1\nalpha line 2\nalpha line 3\nalpha line 4\nalpha line 5\nalpha line 6\nalpha line 7\nalpha line 8\nalpha line 9\nalpha line 10\nalpha line 11"
    },
    {
      "type": "text",
      "text": "--More-- (14p, 10.3%, @0..299/2882)"
    }
  ]
}
-- step 2 --
call:
{
  "tool": "r_repl",
  "arguments": {
    "input": "hits alpha\n",
    "timeout_ms": 10000
  }
}
response:
{
  "type": "tool_result",
  "is_error": false,
  "content": [
    {
      "type": "text",
      "text": "[mcp-console:pager] input blocked while pager is active: hits alpha (use :q to exit pager)"
    },
    {
      "type": "text",
      "text": "--More-- (14p, 10.3%, @0..299/2882)"
    }
  ]
}
-- step 3 --
call:
{
  "tool": "r_repl",
  "arguments": {
    "input": "seek 0\n",
    "timeout_ms": 10000
  }
}
response:
{
  "type": "tool_result",
  "is_error": false,
  "content": [
    {
      "type": "text",
      "text": "[mcp-console:pager] input blocked while pager is active: seek 0 (use :q to exit pager)"
    },
    {
      "type": "text",
      "text": "--More-- (14p, 10.3%, @0..299/2882)"
    }
  ]
}
-- step 4 --
call:
{
  "tool": "r_repl",
  "arguments": {
    "input": "hits beta\n",
    "timeout_ms": 10000
  }
}
response:
{
  "type": "tool_result",
  "is_error": false,
  "content": [
    {
      "type": "text",
      "text": "[mcp-console:pager] input blocked while pager is active: hits beta (use :q to exit pager)"
    },
    {
      "type": "text",
      "text": "--More-- (14p, 10.3%, @0..299/2882)"
    }
  ]
}
