---
source: tests/server_smoke.rs
expression: snapshot.render()
---
== session: default ==
-- step 1 --
call:
{
  "tool": "r_repl",
  "arguments": {
    "input": "1+1\n",
    "timeout_ms": 10000
  }
}
response:
{
  "type": "tool_result",
  "is_error": false,
  "content": [
    {
      "type": "text",
      "text": "[1] 2"
    },
    {
      "type": "text",
      "text": "> "
    }
  ]
}
