---
source: tests/write_stdin_batch.rs
expression: snapshot.render()
---
== session: pager_search_queue ==
-- step 1 --
call:
{
  "tool": "r_repl",
  "arguments": {
    "input": "line <- paste(rep(\"x\", 200), collapse = \"\"); for (i in 1:200) cat(sprintf(\"line%04d %s\\n\", i, line))\n",
    "timeout_ms": 30000
  }
}
response:
{
  "type": "tool_result",
  "is_error": false,
  "content": [
    {
      "type": "text",
      "text": "line0001 xxxxxxxxxxxxxxxxxxxxxxxxxxxxxxxxxxxxxxxxxxxxxxxxxxxxxxxxxxxxxxxxxxxxxxxxxxxxxxxxxxxxxxxxxxxxxxxxxxxxxxxxxxxxxxxxxxxxxxxxxxxxxxxxxxxxxxxxxxxxxxxxxxxxxxxxxxxxxxxxxxxxxxxxxxxxxxxxxxxxxxxxxxxxxxxxxxxxxxxx"
    },
    {
      "type": "text",
      "text": "--More-- (140p, 0.5%, @0..210/42000)"
    }
  ]
}
-- step 2 --
call:
{
  "tool": "r_repl",
  "arguments": {
    "input": ":/line0050\n",
    "timeout_ms": 30000
  }
}
response:
{
  "type": "tool_result",
  "is_error": false,
  "content": [
    {
      "type": "text",
      "text": "[mcp-console:pager] elided output (already shown): @210..10290"
    },
    {
      "type": "text",
      "text": "line0050 xxxxxxxxxxxxxxxxxxxxxxxxxxxxxxxxxxxxxxxxxxxxxxxxxxxxxxxxxxxxxxxxxxxxxxxxxxxxxxxxxxxxxxxxxxxxxxxxxxxxxxxxxxxxxxxxxxxxxxxxxxxxxxxxxxxxxxxxxxxxxxxxxxxxxxxxxxxxxxxxxxxxxxxxxxxxxxxxxxxxxxxxxxxxxxxxxxxxxxxx"
    },
    {
      "type": "text",
      "text": "--More-- (105p, 25.0%, @10290..10500/42000)"
    }
  ]
}
-- step 3 --
call:
{
  "tool": "r_repl",
  "arguments": {
    "input": ":n\n",
    "timeout_ms": 30000
  }
}
response:
{
  "type": "tool_result",
  "is_error": false,
  "content": [
    {
      "type": "text",
      "text": "[mcp-console:pager] pattern not found (search is forward-only over unseen output; use `:matches -n all line0050` to locate offsets, then `:seek @OFFSET` to jump)"
    },
    {
      "type": "text",
      "text": "--More-- (105p, 25.0%, @10500/42000)"
    }
  ]
}
-- step 4 --
call:
{
  "tool": "r_repl",
  "arguments": {
    "input": ":q\n",
    "timeout_ms": 30000
  }
}
response:
{
  "type": "tool_result",
  "is_error": false,
  "content": [
    {
      "type": "text",
      "text": "(END, 25.0%, @10500/42000)"
    },
    {
      "type": "text",
      "text": "> "
    }
  ]
}
