---
source: tests/write_stdin_batch.rs
expression: rendered
---
== session: pager_search_queue ==
-- step 1 --
call:
{
  "tool": "r_repl",
  "arguments": {
    "input": "line <- paste(rep(\"x\", 200), collapse = \"\"); for (i in 1:200) cat(sprintf(\"line%04d %s\\n\", i, line))\n",
    "timeout_ms": 30000
  }
}
response:
{
  "type": "tool_result",
  "is_error": false,
  "content": [
    {
      "type": "text",
      "text": "line0001 xxxxxxxxxxxxxxxxxxxxxxxxxxxxxxxxxxxxxxxxxxxxxxxxxxxxxxxxxxxxxxxxxxxxxxxxxxxxxxxxxxxxxxxxxxxxxxxxxxxxxxxxxxxxxxxxxxxxxxxxxxxxxxxxxxxxxxxxxxxxxxxxxxxxxxxxxxxxxxxxxxxxxxxxxxxxxxxxxxxxxxxxxxxxxxxxxxxxxxxx"
    },
    {
      "type": "text",
      "text": "--More-- (140p, 0.5%, @0..210/42000)"
    }
  ]
}
-- step 2 --
call:
{
  "tool": "r_repl",
  "arguments": {
    "input": ":/line0050\n",
    "timeout_ms": 30000
  }
}
response:
{
  "type": "tool_result",
  "is_error": false,
  "content": [
    {
      "type": "text",
      "text": "[pager] elided output (already shown): @210..10290"
    },
    {
      "type": "text",
      "text": "[pager] search for `line0050` @10290"
    },
    {
      "type": "text",
      "text": "> line0050 xxxxxxxxxxxxxxxxxxxxxxxxxxxxxxxxxxxxxxxxxxxxxxxxxxxxxxxxxxxxxxxxxxxxxxxxxxxxxxxxxxxxxxxxxxxxxxxxxxxxxxxxxxxxxxxxxxxxxxxxxxxxxxxxxxxxxxxxxxxxxxxxxxxxxxxxxxxxxxxxxxxxxxxxxxxxxxxxxxxxxxxxxxxx..."
    },
    {
      "type": "text",
      "text": "--More-- (140p, 0.5%, @0..210/42000)"
    }
  ]
}
-- step 3 --
call:
{
  "tool": "r_repl",
  "arguments": {
    "input": ":n\n",
    "timeout_ms": 30000
  }
}
response:
{
  "type": "tool_result",
  "is_error": false,
  "content": [
    {
      "type": "text",
      "text": "[pager] already at the last known search hit for `line0050`"
    },
    {
      "type": "text",
      "text": "--More-- (140p, 0.5%, @0..210/42000)"
    }
  ]
}
-- step 4 --
call:
{
  "tool": "r_repl",
  "arguments": {
    "input": ":q\n",
    "timeout_ms": 30000
  }
}
response:
{
  "type": "tool_result",
  "is_error": false,
  "content": [
    {
      "type": "text",
      "text": "(END, 0.5%, @0..210/42000)"
    },
    {
      "type": "text",
      "text": "> "
    }
  ]
}
