---
source: tests/write_stdin_batch.rs
expression: snapshot.render()
---
== session: timeout_poll ==
-- step 1 --
call:
{
  "tool": "write_stdin",
  "arguments": {
    "chars": "cat(\"start\\n\"); flush.console(); Sys.sleep(1); cat(\"end\\n\")\n",
    "timeout": 0.5
  }
}
response:
{
  "type": "tool_result",
  "is_error": false,
  "content": [
    {
      "type": "text",
      "text": "> cat(\"start\\n\"); flush.console(); Sys.sleep(1); cat(\"end\\n\")\nstart"
    },
    {
      "type": "text",
      "text": "<<console status: busy, write_stdin timeout reached; elapsed_ms=500>>"
    }
  ]
}
-- step 2 --
call:
{
  "tool": "write_stdin",
  "arguments": {
    "chars": "\n",
    "timeout": 2.0
  }
}
response:
{
  "type": "tool_result",
  "is_error": false,
  "content": [
    {
      "type": "text",
      "text": "end"
    },
    {
      "type": "text",
      "text": "> "
    },
    {
      "type": "text",
      "text": "[mcp-console] input discarded while worker busy"
    }
  ]
}
